Log started at 12/30/2025 22:52:03 (2025-12-30T13:52:03Z)
Resolved project argument D:/_2025-2 RAII/CCD/CCD.uproject to D:\_2025-2 RAII\CCD\CCD.uproject
No config file at C:\ProgramData\Unreal Engine\UnrealBuildTool\BuildConfiguration.xml
No config file at C:\Users\fdsa7\AppData\Local\Unreal Engine\UnrealBuildTool\BuildConfiguration.xml
No config file at C:\Users\fdsa7\OneDrive\문서\Unreal Engine\UnrealBuildTool\BuildConfiguration.xml
Configuration will be read from:
  C:\Users\fdsa7\AppData\Roaming\Unreal Engine\UnrealBuildTool\BuildConfiguration.xml
No project scope config file at D:\_2025-2 RAII\CCD\Saved\UnrealBuildTool\BuildConfiguration.xml. Creating default.
Reading configuration file from: C:\Users\fdsa7\AppData\Roaming\Unreal Engine\UnrealBuildTool\BuildConfiguration.xml
Reading configuration file from: D:\_2025-2 RAII\CCD\Saved\UnrealBuildTool\BuildConfiguration.xml
Reading configuration file from: C:\Users\fdsa7\AppData\Local\UnrealEngine\Intermediate\Build\UnrealBuildTool.Env.BuildConfiguration.xml
Log file: D:\_2025-2 RAII\CCD\Saved\Logs\UnrealVersionSelector-2025.12.30-22.52.02.log

Setting temp directory to 'C:\Users\fdsa7\AppData\Local\Temp\UnrealBuildTool\9fe8a91e'
    Registering build platform: UnrealBuildTool.AndroidPlatformFactory
    Registering build platform: UnrealBuildTool.IOSPlatformFactory
    Registering build platform: UnrealBuildTool.LinuxPlatformFactory
    Registering build platform: UnrealBuildTool.MacPlatformFactory
    Registering build platform: UnrealBuildTool.TVOSPlatformFactory
    Registering build platform: UnrealBuildTool.WindowsPlatformFactory
Found Windows 10 SDK root at C:\Program Files (x86)\Windows Kits\10 (1)
Found Windows 10 SDK root at C:\Program Files (x86)\Windows Kits\10 (2)
Unable to find valid SDK(s) for Win64:
  Found Sdk Version, MinRequired=10.0.19041.0, MaxRequired=10.9.99999.0.
  Found AutoSdk Version, Required=10.0.22621.0.
        Registering build platform: Win64 - buildable: False
    Registering build platform: UnrealBuildTool.VisionOSPlatformFactory
Resolved project argument D:/_2025-2 RAII/CCD/CCD.uproject to D:\_2025-2 RAII\CCD\CCD.uproject
Reading configuration file from cache (D:\_2025-2 RAII\CCD\Intermediate\Build\XmlConfigCache.bin): C:\Users\fdsa7\AppData\Roaming\Unreal Engine\UnrealBuildTool\BuildConfiguration.xml
Reading configuration file from cache (D:\_2025-2 RAII\CCD\Intermediate\Build\XmlConfigCache.bin): D:\_2025-2 RAII\CCD\Saved\UnrealBuildTool\BuildConfiguration.xml
Reading configuration file from cache (D:\_2025-2 RAII\CCD\Intermediate\Build\XmlConfigCache.bin): C:\Users\fdsa7\AppData\Local\UnrealEngine\Intermediate\Build\UnrealBuildTool.Env.BuildConfiguration.xml
Registering project generator UnrealBuildTool.AndroidProjectGenerator for Android
Skipping project file generator registration for Android due to no valid BuildPlatform.
Registering project generator UnrealBuildTool.IOSProjectGenerator for IOS
Skipping project file generator registration for IOS due to no valid BuildPlatform.
Registering project generator UnrealBuildTool.LinuxProjectGenerator for Linux
Skipping project file generator registration for Linux due to no valid BuildPlatform.
Registering project generator UnrealBuildTool.LinuxProjectGenerator for LinuxArm64
Skipping project file generator registration for LinuxArm64 due to no valid BuildPlatform.
Registering project generator UnrealBuildTool.MacProjectGenerator for Mac
Skipping project file generator registration for Mac due to no valid BuildPlatform.
Registering project generator UnrealBuildTool.TVOSProjectGenerator for TVOS
Skipping project file generator registration for TVOS due to no valid BuildPlatform.
Registering project generator UnrealBuildTool.WindowsProjectGenerator for Win64
Registering project generator UnrealBuildTool.VisionOSProjectGenerator for VisionOS
Skipping project file generator registration for VisionOS due to no valid BuildPlatform.

---   SDK INFO START   ---

Some Platforms were skipped due to invalid SDK setup: Win64.
See the log file for detailed information

---   SDK INFO END   ---


Generating VisualStudio project files:
Discovering modules, targets and source code for project...
Found VisualStudio2026 installation: C:\Program Files\Microsoft Visual Studio\18\Community (Product=Microsoft.VisualStudio.Product.Community, Version=18.1.11312.151)
Found Visual Studio toolchain: C:\Program Files\Microsoft Visual Studio\18\Community\VC\Tools\MSVC\14.44.35207 (Family=14.44.35207, FamilyRank=0, Version=14.44.35221, HostArchitecture=x64, ReleaseChannel=Latest, Architecture=x64, Error=False, Redist=C:\Program Files\Microsoft Visual Studio\18\Community\VC\Redist\MSVC\14.50.35710)
Found Visual Studio toolchain: C:\Program Files\Microsoft Visual Studio\18\Community\VC\Tools\MSVC\14.50.35717 (Family=14.50.35717, FamilyRank=1, Version=14.50.35721, HostArchitecture=x64, ReleaseChannel=Latest, Architecture=x64, Error=False, Redist=C:\Program Files\Microsoft Visual Studio\18\Community\VC\Redist\MSVC\14.50.35710)
Detected supported platforms: Win64
Adding projects for all targets...
Skipping D:\Program Files\Epic Games\UE_5.7\Engine\Intermediate\Build\BuildRules\UE5Rules.dll: File is installed
Skipping D:\Program Files\Epic Games\UE_5.7\Engine\Intermediate\Build\BuildRules\UE5ProgramRules.dll: File is installed
Compiling D:\_2025-2 RAII\CCD\Intermediate\Build\BuildRules\CCDModuleRules.dll: Assembly does not exist
No available Windows SDKs found
No available Windows SDKs found
No available Windows SDKs found
No available Windows SDKs found
No available Windows SDKs found
No available Windows SDKs found
Adding projects for all targets took 4.21s
Windows SDK must be installed in order to build this target.
BuildException: Windows SDK must be installed in order to build this target.
   at UnrealBuildBase.Parallel2.ForEach[TSource](IEnumerable`1 source, Action`1 body, Int32 helperCount, Boolean useTasks)
   at UnrealBuildTool.ProjectFileGenerator.AddProjectsForAllTargets(PlatformProjectGeneratorCollection PlatformProjectGenerators, List`1 AllGames, List`1 AllTargetFiles, String[] Arguments, List`1 EngineProjects, List`1 GameProjects, Dictionary`2 ProjectFileToUProjectFile, Dictionary`2 ProgramProjects, Dictionary`2 RulesAssemblies, ILogger Logger)
   at UnrealBuildTool.ProjectFileGenerator.GenerateProjectFiles(PlatformProjectGeneratorCollection PlatformProjectGenerators, String[] Arguments, ILogger Logger)
   at UnrealBuildTool.GenerateProjectFilesMode.ExecuteAsync(CommandLineArguments Arguments, ILogger Logger)
   at UnrealBuildTool.UnrealBuildTool.Main(String[] ArgumentsArray)
WriteFileIfChanged() wrote 0 changed files of 4 requested writes.

Result: Failed (OtherCompilationError)
Total execution time: 5.12 seconds
